<!DOCTYPE html>
<html lang="en">
  <head>
    <meta charset="UTF-8" />
    <meta name="viewport" content="width=device-width, initial-scale=1.0" />
    <title>DNA-Tech</title>
  </head>

  <body>
    <div class="screen">
      <div class="interlace"></div>
      <div class="scanline"></div>
      <svg class="logo shadow">
        <use
          xlink:href="sprite~icons.svg#full"
          href="sprite~icons.svg#full"
        ></use>
      </svg>

      <div class="flex container">
        <pre id="printer"></pre>
      </div>
      <div id="printer-string">
        <pre>
__/\\\\\\\\\\\\_____/\\\\\_____/\\\_____/\\\\\\\\\_________/\\\_________________________________/\\\_________        
 _\/\\\////////\\\__\/\\\\\\___\/\\\___/\\\\\\\\\\\\\____/\\\\\\\\\\\___/\\\\\\\\_____/\\\\\\\\_\/\\\_________       
  _\/\\\______\//\\\_\/\\\/\\\__\/\\\__/\\\/////////\\\__\////\\\////__/\\\/////\\\__/\\\//////__\/\\\\\\\\\\__      
   _\/\\\_______\/\\\_\/\\\//\\\_\/\\\_\/\\\_______\/\\\_____\/\\\_____/\\\\\\\\\\\__/\\\_________\/\\\/////\\\_     
    _\/\\\_______\/\\\_\/\\\\//\\\\/\\\_\/\\\\\\\\\\\\\\\_____\/\\\_/\\\//\\///////__\//\\\________\/\\\___\/\\\_    
     _\/\\\_______\/\\\_\/\\\_\//\\\/\\\_\/\\\/////////\\\_____\//\\\\\__\//\\\\\\\\\\_\///\\\\\\\\_\/\\\___\/\\\_   
      _\/\\\_______/\\\__\/\\\__\//\\\\\\_\/\\\_______\/\\\______\/////____\//////////____\////////__\///____\///__  
       _\/\\\\\\\\\\\\/___\/\\\___\//\\\\\_\/\\\_______\/\\\_____/\\\\\\\\\\\\\\\\\\\\\\\\\\\\\\\\\\\\\\\\\\\\\\\\\_ 
        _\////////////_____\///_____\/////__\///________\///_____\/////////////////////////////////////////////////__^1000
    </pre
        >
        <pre>
[    0.000000] Linux version 5.4.0-51-generic (buildd@lcy01-amd64-020) (gcc version 9.3.0 (Ubuntu 9.3.0-10ubuntu2)) 
[    0.000000] #56-Ubuntu SMP Mon Oct 5 14:28:49 UTC 2020 (Ubuntu 5.4.0-51.56-generic 5.4.65)
[    0.000000] Command line: BOOT_IMAGE=/boot/vmlinuz-5.4.0-51-generic root=UUID=37eacb0c-8f20-44ae-ad3c-718b5314fa2e 
[    0.000000] KERNEL supported cpus:
[    0.000000]   Intel GenuineIntel
[    0.000000]   AMD AuthenticAMD
[    0.000000]   Hygon HygonGenuine
[    0.000000]   Centaur CentaurHauls
[    0.000000]   zhaoxin   Shanghai  
[    0.000000] x86/fpu: Supporting XSAVE feature 0x001: 'x87 floating point registers'
[    0.000000] x86/fpu: Supporting XSAVE feature 0x002: 'SSE registers'
[    0.000000] x86/fpu: Supporting XSAVE feature 0x004: 'AVX registers'
[    0.000000] x86/fpu: xstate_offset[2]:  576, xstate_sizes[2]:  256
[    0.000000] x86/fpu: Enabled xstate features 0x7, context size is 832 bytes, using 'compacted' format.
[    0.000000] BIOS-provided physical RAM map:
[    0.000000] BIOS-e820: [mem 0x0000000000000000-0x000000000009ffff] usable
[    0.000000] BIOS-e820: [mem 0x00000000000a0000-0x00000000000fffff] reserved
[    0.000000] BIOS-e820: [mem 0x0000000000100000-0x000000002fffffff] usable
[    0.000000] BIOS-e820: [mem 0x0000000030000000-0x0000000030042fff] ACPI NVS
[    0.000000] BIOS-e820: [mem 0x0000000030043000-0x0000000075daffff] usable
[    0.000000] BIOS-e820: [mem 0x0000000075db0000-0x0000000075ffffff] reserved
[    0.000000] BIOS-e820: [mem 0x0000000076000000-0x0000000085bc7fff] usable
[    0.000000] BIOS-e820: [mem 0x0000000085bc8000-0x0000000087a6cfff] reserved
[    0.000000] BIOS-e820: [mem 0x0000000087a6d000-0x0000000087b57fff] ACPI data
[    0.000000] BIOS-e820: [mem 0x0000000087b58000-0x0000000087fd8fff] ACPI NVS
[    0.000000] BIOS-e820: [mem 0x0000000087fd9000-0x0000000088f03fff] reserved
[    0.000000] BIOS-e820: [mem 0x0000000088f04000-0x000000008bffffff] usable
[    0.000000] BIOS-e820: [mem 0x000000008c000000-0x000000008fffffff] reserved
[    0.000000] BIOS-e820: [mem 0x0000000094000000-0x0000000095ffffff] reserved
[    0.000000] BIOS-e820: [mem 0x00000000a0000000-0x00000000a1ffffff] reserved
[    0.000000] BIOS-e820: [mem 0x00000000ae000000-0x00000000aeffffff] reserved
[    0.000000] BIOS-e820: [mem 0x00000000f2400000-0x00000000f43fffff] reserved
[    0.000000] BIOS-e820: [mem 0x00000000fd000000-0x00000000ffffffff] reserved
[    0.000000] BIOS-e820: [mem 0x0000000100000000-0x000000406f1fffff] usable
[    0.000000] BIOS-e820: [mem 0x000000406f200000-0x000000406fffffff] reserved
[    0.000000] BIOS-e820: [mem 0x0000004070000000-0x000000806fdfffff] usable
[    0.000000] BIOS-e820: [mem 0x000000806fe00000-0x000000806fffffff] reserved
[    0.000000] BIOS-e820: [mem 0x0000010000000000-0x00000100201fffff] reserved
[    0.000000] BIOS-e820: [mem 0x0000018030000000-0x00000180501fffff] reserved
[    0.000000] BIOS-e820: [mem 0x0000020060000000-0x00000200801fffff] reserved
[    0.000000] BIOS-e820: [mem 0x0000030090000000-0x00000300b01fffff] reserved
[    0.000000] BIOS-e820: [mem 0x00000400c0000000-0x00000400e01fffff] reserved
[    0.000000] BIOS-e820: [mem 0x00000480f0000000-0x00000481101fffff] reserved
[    0.000000] BIOS-e820: [mem 0x0000050120000000-0x00000501401fffff] reserved
[    0.000000] BIOS-e820: [mem 0x0000058150000000-0x00000581701fffff] reserved
</pre><pre>
[    0.000000] NX (Execute Disable) protection: active
[    0.000000] e820: update [mem 0x7d204018-0x7d215457] usable ==> usable
[    0.000000] e820: update [mem 0x7d204018-0x7d215457] usable ==> usable
[    0.000000] extended physical RAM map:
[    0.000000] reserve setup_data: [mem 0x0000000000000000-0x000000000009ffff] usable
[    0.000000] reserve setup_data: [mem 0x00000000000a0000-0x00000000000fffff] reserved
[    0.000000] reserve setup_data: [mem 0x0000000000100000-0x000000002fffffff] usable
[    0.000000] reserve setup_data: [mem 0x0000000030000000-0x0000000030042fff] ACPI NVS
[    0.000000] reserve setup_data: [mem 0x0000000030043000-0x0000000075daffff] usable
[    0.000000] reserve setup_data: [mem 0x0000000075db0000-0x0000000075ffffff] reserved
[    0.000000] reserve setup_data: [mem 0x0000000076000000-0x000000007d204017] usable
[    0.000000] reserve setup_data: [mem 0x000000007d204018-0x000000007d215457] usable
[    0.000000] reserve setup_data: [mem 0x000000007d215458-0x0000000085bc7fff] usable
[    0.000000] reserve setup_data: [mem 0x0000000085bc8000-0x0000000087a6cfff] reserved
[    0.000000] reserve setup_data: [mem 0x0000000087a6d000-0x0000000087b57fff] ACPI data
[    0.000000] reserve setup_data: [mem 0x0000000087b58000-0x0000000087fd8fff] ACPI NVS
[    0.000000] reserve setup_data: [mem 0x0000000087fd9000-0x0000000088f03fff] reserved
[    0.000000] reserve setup_data: [mem 0x0000000088f04000-0x000000008bffffff] usable
[    0.000000] reserve setup_data: [mem 0x000000008c000000-0x000000008fffffff] reserved
[    0.000000] reserve setup_data: [mem 0x0000000094000000-0x0000000095ffffff] reserved
[    0.000000] reserve setup_data: [mem 0x00000000a0000000-0x00000000a1ffffff] reserved
[    0.000000] reserve setup_data: [mem 0x00000000ae000000-0x00000000aeffffff] reserved
</pre><pre>
[    0.000000] reserve setup_data: [mem 0x00000000f2400000-0x00000000f43fffff] reserved
[    0.000000] reserve setup_data: [mem 0x00000000fd000000-0x00000000ffffffff] reserved
[    0.000000] reserve setup_data: [mem 0x0000000100000000-0x000000406f1fffff] usable
[    0.000000] reserve setup_data: [mem 0x000000406f200000-0x000000406fffffff] reserved
[    0.000000] reserve setup_data: [mem 0x0000004070000000-0x000000806fdfffff] usable
[    0.000000] reserve setup_data: [mem 0x000000806fe00000-0x000000806fffffff] reserved
[    0.000000] reserve setup_data: [mem 0x0000010000000000-0x00000100201fffff] reserved
[    0.000000] reserve setup_data: [mem 0x0000018030000000-0x00000180501fffff] reserved
[    0.000000] reserve setup_data: [mem 0x0000020060000000-0x00000200801fffff] reserved
[    0.000000] reserve setup_data: [mem 0x0000030090000000-0x00000300b01fffff] reserved
[    0.000000] reserve setup_data: [mem 0x00000400c0000000-0x00000400e01fffff] reserved
[    0.000000] reserve setup_data: [mem 0x00000480f0000000-0x00000481101fffff] reserved
[    0.000000] reserve setup_data: [mem 0x0000050120000000-0x00000501401fffff] reserved
[    0.000000] reserve setup_data: [mem 0x0000058150000000-0x00000581701fffff] reserved
[    0.000000] reserve setup_data: [mem 0x000007fc00000000-0x000007fc03ffffff] reserved
</pre><pre>
[    0.000000] efi: EFI v2.70 by American Megatrends
[    0.000000] efi:  ACPI=0x87fbc000  ACPI 2.0=0x87fbc014  SMBIOS=0x88c0e000  SMBIOS 3.0=0x88c0d000  MEMATTR=0x804f1018  ESRT=0x804caf98 
[    0.000000] secureboot: Secure boot disabled
[    0.000000] SMBIOS 3.2.0 present.
[    0.000000] DMI: GIGABYTE G482-Z52-00/MZ52-G40-00, BIOS R15 08/28/2020
[    0.000000] tsc: Fast TSC calibration using PIT
[    0.000000] tsc: Detected 2349.861 MHz processor
[    0.000681] e820: update [mem 0x00000000-0x00000fff] usable ==> reserved
[    0.000682] e820: remove [mem 0x000a0000-0x000fffff] usable
[    0.000689] last_pfn = 0x806fe00 max_arch_pfn = 0x400000000
[    0.000693] MTRR default type: uncachable
[    0.000693] MTRR fixed ranges enabled:
[    0.000694]   00000-9FFFF write-back
[    0.000695]   A0000-BFFFF write-through
[    0.000695]   C0000-FFFFF uncachable
[    0.000696] MTRR variable ranges enabled:
[    0.000697]   0 base 000000000000 mask FFFF80000000 write-back
[    0.000698]   1 base 000088000000 mask FFFFFC000000 write-back
[    0.000698]   2 base 0000FF000000 mask FFFFFF000000 write-protect
[    0.000699]   3 base 000080000000 mask FFFFF8000000 write-back
[    0.000700]   4 base 000088510000 mask FFFFFFFF0000 uncachable
[    0.000700]   5 disabled
[    0.000700]   6 disabled
[    0.000701]   7 disabled
[    0.000701] TOM2: 0000008070000000 aka 526080M
</pre><pre>
[    0.001410] x86/PAT: Configuration [0-7]: WB  WC  UC- UC  WB  WP  UC- WT  
[    0.001501] x2apic: enabled by BIOS, switching to x2apic ops
[    0.001504] last_pfn = 0x8c000 max_arch_pfn = 0x400000000
[    0.018957] esrt: Reserving ESRT space from 0x00000000804caf98 to 0x00000000804cafd0.
[    0.018963] e820: update [mem 0x804ca000-0x804cafff] usable ==> reserved
[    0.018978] check: Scanning 1 areas for low memory corruption
[    0.018982] Using GB pages for direct mapping
[    0.019712] secureboot: Secure boot disabled
[    0.019713] RAMDISK: [mem 0x3a54c000-0x3d48ffff]
[    0.019722] ACPI: Early table checksum verification disabled
[    0.019726] ACPI: RSDP 0x0000000087FBC014 000024 (v02 GBT   )
[    0.019729] ACPI: XSDT 0x0000000087FBB728 0000F4 (v01 GBT    GBTUACPI 03242016 AMI  01000013)
[    0.019734] ACPI: FACP 0x0000000087B55000 000114 (v06 GBT    GBTUACPI 03242016 AMI  00010013)
[    0.019739] ACPI: DSDT 0x0000000087B43000 011ABA (v02 GBT    GBTUACPI 03242016 INTL 20120913)
[    0.019741] ACPI: FACS 0x0000000087FB2000 000040
[    0.019743] ACPI: SSDT 0x0000000087B57000 00094E (v02 GBT    AmdTable 00000002 MSFT 02000002)
[    0.019745] ACPI: SPMI 0x0000000087B56000 000041 (v05 GBT    GBTUACPI 00000000 AMI. 00000000)
[    0.019747] ACPI: FPDT 0x0000000087B42000 000044 (v01 GBT    GBTUACPI 03242016 AMI  00010013)
[    0.019749] ACPI: FIDT 0x0000000087B41000 00009C (v01 GBT    GBTUACPI 03242016 AMI  00010013)
[    0.019751] ACPI: MCFG 0x0000000087B40000 00003C (v01 GBT    GBTUACPI 03242016 MSFT 00010013)
[    0.019753] ACPI: SSDT 0x0000000087B3F000 00076C (v02 GBT    CPUSSDT  03242016 AMI  03242016)
[    0.019755] ACPI: SSDT 0x0000000087B3E000 000110 (v01 AMD    CPMRAS   00000001 INTL 20120913)
[    0.019757] ACPI: BERT 0x0000000087B3D000 000030 (v01 AMD    AMD BERT 00000001 AMD  00000001)
[    0.019759] ACPI: EINJ 0x0000000087B3B000 000150 (v01 AMD    AMD EINJ 00000001 AMD  00000001)
[    0.019761] ACPI: HPET 0x0000000087B3A000 000038 (v01 GBT    GBTUACPI 03242016 AMI  00000005)
[    0.019763] ACPI: UEFI 0x0000000087FAD000 000042 (v01 GBT    GBTUACPI 01072009 AMI  01000013)
[    0.019765] ACPI: BGRT 0x0000000087B39000 000038 (v01 GBT    GBTUACPI 03242016 AMI  00010013)
[    0.019767] ACPI: IVRS 0x0000000087B38000 000370 (v02 GBT    AmdTable 00000001 AMD  00000000)
[    0.019769] ACPI: PCCT 0x0000000087B37000 00006E (v02 GBT    AmdTable 00000001 AMD  00000000)
[    0.019771] ACPI: SSDT 0x0000000087B28000 00E2A4 (v01 GBT    AmdTable 00000001 AMD  00000001)
[    0.019773] ACPI: SRAT 0x0000000087B27000 0006A8 (v03 GBT    AmdTable 00000001 AMD  00000001)
[    0.019775] ACPI: MSCT 0x0000000087B26000 00004E (v01 GBT    AmdTable 00000000 AMD  00000001)
[    0.019777] ACPI: SLIT 0x0000000087B25000 000030 (v01 GBT    AmdTable 00000001 AMD  00000001)
</pre><pre>
[    0.019779] ACPI: CRAT 0x0000000087B1D000 0074F8 (v01 GBT    AmdTable 00000001 AMD  00000001)
[    0.019781] ACPI: CDIT 0x0000000087B1C000 00002C (v01 GBT    AmdTable 00000001 AMD  00000001)
[    0.019783] ACPI: SSDT 0x0000000087B1A000 0017DC (v01 AMD    CPMCMN   00000001 INTL 20120913)
[    0.019785] ACPI: WSMT 0x0000000087B19000 000028 (v01 GBT    GBTUACPI 03242016 AMI  00010013)
[    0.019787] ACPI: APIC 0x0000000087B17000 0010B8 (v04 GBT    GBTUACPI 03242016 AMI  00010013)
[    0.019789] ACPI: HEST 0x0000000087ADE000 038A74 (v01 AMD    AMD HEST 00000001 AMD  00000001)
[    0.019791] ACPI: ERST 0x0000000087B3C000 000230 (v01 AMIER  AMI.ERST 00000000 AMI. 00000000)
[    0.019797] ACPI: Local APIC address 0xfee00000
[    0.019800] Setting APIC routing to cluster x2apic.
[    0.019841] SRAT: PXM 0 -> APIC 0x0000 -> Node 0
[    0.019841] SRAT: PXM 0 -> APIC 0x0001 -> Node 0
[    0.019842] SRAT: PXM 0 -> APIC 0x0002 -> Node 0
[    0.019842] SRAT: PXM 0 -> APIC 0x0003 -> Node 0
[    0.019843] SRAT: PXM 0 -> APIC 0x0004 -> Node 0
[    0.019843] SRAT: PXM 0 -> APIC 0x0005 -> Node 0
[    0.019843] SRAT: PXM 0 -> APIC 0x0006 -> Node 0
[    0.019844] SRAT: PXM 0 -> APIC 0x0007 -> Node 0
[    0.019844] SRAT: PXM 0 -> APIC 0x0008 -> Node 0
[    0.019845] SRAT: PXM 0 -> APIC 0x0009 -> Node 0
[    0.019845] SRAT: PXM 0 -> APIC 0x000a -> Node 0
[    0.019845] SRAT: PXM 0 -> APIC 0x000b -> Node 0
[    0.019846] SRAT: PXM 0 -> APIC 0x000c -> Node 0
[    0.019846] SRAT: PXM 0 -> APIC 0x000d -> Node 0
[    0.019846] SRAT: PXM 0 -> APIC 0x000e -> Node 0
[    0.019847] SRAT: PXM 0 -> APIC 0x000f -> Node 0
[    0.019847] SRAT: PXM 0 -> APIC 0x0010 -> Node 0
[    0.019848] SRAT: PXM 0 -> APIC 0x0011 -> Node 0
[    0.019848] SRAT: PXM 0 -> APIC 0x0012 -> Node 0
[    0.019848] SRAT: PXM 0 -> APIC 0x0013 -> Node 0
[    0.019849] SRAT: PXM 0 -> APIC 0x0014 -> Node 0
[    0.019849] SRAT: PXM 0 -> APIC 0x0015 -> Node 0
[    0.019850] SRAT: PXM 0 -> APIC 0x0016 -> Node 0
</pre><pre>
[    0.019850] SRAT: PXM 0 -> APIC 0x0017 -> Node 0
[    0.019850] SRAT: PXM 0 -> APIC 0x0018 -> Node 0
[    0.019851] SRAT: PXM 0 -> APIC 0x0019 -> Node 0
[    0.019851] SRAT: PXM 0 -> APIC 0x001a -> Node 0
[    0.019852] SRAT: PXM 0 -> APIC 0x001b -> Node 0
[    0.019852] SRAT: PXM 0 -> APIC 0x001c -> Node 0
[    0.019852] SRAT: PXM 0 -> APIC 0x001d -> Node 0
[    0.019853] SRAT: PXM 0 -> APIC 0x001e -> Node 0
[    0.019853] SRAT: PXM 0 -> APIC 0x001f -> Node 0
[    0.019854] SRAT: PXM 1 -> APIC 0x0040 -> Node 1
[    0.019854] SRAT: PXM 1 -> APIC 0x0041 -> Node 1
[    0.019854] SRAT: PXM 1 -> APIC 0x0042 -> Node 1
[    0.019855] SRAT: PXM 1 -> APIC 0x0043 -> Node 1
[    0.019855] SRAT: PXM 1 -> APIC 0x0044 -> Node 1
[    0.019855] SRAT: PXM 1 -> APIC 0x0045 -> Node 1
[    0.019856] SRAT: PXM 1 -> APIC 0x0046 -> Node 1
[    0.019856] SRAT: PXM 1 -> APIC 0x0047 -> Node 1
[    0.019857] SRAT: PXM 1 -> APIC 0x0048 -> Node 1
[    0.019857] SRAT: PXM 1 -> APIC 0x0049 -> Node 1
[    0.019857] SRAT: PXM 1 -> APIC 0x004a -> Node 1
[    0.019858] SRAT: PXM 1 -> APIC 0x004b -> Node 1
[    0.019858] SRAT: PXM 1 -> APIC 0x004c -> Node 1
[    0.019859] SRAT: PXM 1 -> APIC 0x004d -> Node 1
[    0.019859] SRAT: PXM 1 -> APIC 0x004e -> Node 1
[    0.019859] SRAT: PXM 1 -> APIC 0x004f -> Node 1
[    0.019860] SRAT: PXM 1 -> APIC 0x0050 -> Node 1
[    0.019860] SRAT: PXM 1 -> APIC 0x0051 -> Node 1
[    0.019860] SRAT: PXM 1 -> APIC 0x0052 -> Node 1
[    0.019861] SRAT: PXM 1 -> APIC 0x0053 -> Node 1
[    0.019861] SRAT: PXM 1 -> APIC 0x0054 -> Node 1
[    0.019862] SRAT: PXM 1 -> APIC 0x0055 -> Node 1
[    0.019862] SRAT: PXM 1 -> APIC 0x0056 -> Node 1
[    0.019862] SRAT: PXM 1 -> APIC 0x0057 -> Node 1
[    0.019863] SRAT: PXM 1 -> APIC 0x0058 -> Node 1
[    0.019863] SRAT: PXM 1 -> APIC 0x0059 -> Node 1
[    0.019864] SRAT: PXM 1 -> APIC 0x005a -> Node 1
[    0.019864] SRAT: PXM 1 -> APIC 0x005b -> Node 1
</pre><pre>
[    0.019864] SRAT: PXM 1 -> APIC 0x005c -> Node 1
[    0.019865] SRAT: PXM 1 -> APIC 0x005d -> Node 1
[    0.019865] SRAT: PXM 1 -> APIC 0x005e -> Node 1
[    0.019865] SRAT: PXM 1 -> APIC 0x005f -> Node 1
[    0.019867] ACPI: SRAT: Node 0 PXM 0 [mem 0x00000000-0x8fffffff]
[    0.019868] ACPI: SRAT: Node 0 PXM 0 [mem 0x100000000-0x406fffffff]
[    0.019869] ACPI: SRAT: Node 1 PXM 1 [mem 0x4070000000-0x806fffffff]
[    0.019874] NUMA: Initialized distance table, cnt=2
[    0.019875] NUMA: Node 0 [mem 0x00000000-0x8fffffff] + [mem 0x100000000-0x406fffffff] -> [mem 0x00000000-0x406fffffff]
[    0.019883] NODE_DATA(0) allocated [mem 0x406f1d5000-0x406f1fffff]
[    0.019897] NODE_DATA(1) allocated [mem 0x806fdd3000-0x806fdfdfff]
[    0.020363] Zone ranges:
[    0.020364]   DMA      [mem 0x0000000000001000-0x0000000000ffffff]
[    0.020365]   DMA32    [mem 0x0000000001000000-0x00000000ffffffff]
[    0.020366]   Normal   [mem 0x0000000100000000-0x000000806fdfffff]
[    0.020366]   Device   empty
[    0.020367] Movable zone start for each node
[    0.020368] Early memory node ranges
[    0.020369]   node   0: [mem 0x0000000000001000-0x000000000009ffff]
[    0.020370]   node   0: [mem 0x0000000000100000-0x000000002fffffff]
[    0.020370]   node   0: [mem 0x0000000030043000-0x0000000075daffff]
[    0.020371]   node   0: [mem 0x0000000076000000-0x0000000085bc7fff]
[    0.020371]   node   0: [mem 0x0000000088f04000-0x000000008bffffff]
[    0.020372]   node   0: [mem 0x0000000100000000-0x000000406f1fffff]
[    0.020386]   node   1: [mem 0x0000004070000000-0x000000806fdfffff]
[    0.020607] Zeroed struct page in unavailable ranges: 34352 pages
[    0.020608] Initmem setup node 0 [mem 0x0000000000001000-0x000000406f1fffff]
[    0.020609] On node 0 totalpages: 67075024
[    0.020610]   DMA zone: 64 pages used for memmap
[    0.020610]   DMA zone: 23 pages reserved
</pre><pre>
[    0.020611]   DMA zone: 3999 pages, LIFO batch:0
[    0.020656]   DMA32 zone: 8681 pages used for memmap
[    0.020657]   DMA32 zone: 555569 pages, LIFO batch:63
[    0.029587]   Normal zone: 1039304 pages used for memmap
[    0.029588]   Normal zone: 66515456 pages, LIFO batch:63
[    0.749525] Initmem setup node 1 [mem 0x0000004070000000-0x000000806fdfffff]
[    0.749527] On node 1 totalpages: 67108352
[    0.749528]   Normal zone: 1048568 pages used for memmap
[    0.749529]   Normal zone: 67108352 pages, LIFO batch:63
[    1.484310] ACPI: PM-Timer IO Port: 0x808
[    1.484313] ACPI: Local APIC address 0xfee00000
[    1.484329] ACPI: X2APIC_NMI (uid[0xff] high edge lint[0x1])
[    1.484345] IOAPIC[0]: apic_id 240, version 33, address 0xfec00000, GSI 0-23
[    1.484351] IOAPIC[1]: apic_id 241, version 33, address 0xae280000, GSI 24-55
[    1.484356] IOAPIC[2]: apic_id 242, version 33, address 0xf3580000, GSI 56-87
[    1.484361] IOAPIC[3]: apic_id 243, version 33, address 0xa1180000, GSI 88-119
[    1.484366] IOAPIC[4]: apic_id 244, version 33, address 0xfd180000, GSI 120-151
[    1.484372] IOAPIC[5]: apic_id 245, version 33, address 0xf2680000, GSI 152-183
[    1.484378] IOAPIC[6]: apic_id 246, version 33, address 0xa0180000, GSI 184-215
[    1.484384] IOAPIC[7]: apic_id 247, version 33, address 0x95180000, GSI 216-247
[    1.484390] IOAPIC[8]: apic_id 248, version 33, address 0x94280000, GSI 248-279
[    1.484392] ACPI: INT_SRC_OVR (bus 0 bus_irq 0 global_irq 2 dfl dfl)
[    1.484394] ACPI: INT_SRC_OVR (bus 0 bus_irq 9 global_irq 9 low level)
[    1.484395] ACPI: IRQ0 used by override.
[    1.484395] ACPI: IRQ9 used by override.
[    1.484398] Using ACPI (MADT) for SMP configuration information
[    1.484400] ACPI: HPET id: 0x10228201 base: 0xfed00000
[    1.484409] e820: update [mem 0x80d34000-0x80d8bfff] usable ==> reserved
[    1.484420] smpboot: Allowing 256 CPUs, 192 hotplug CPUs
[    1.484461] PM: Registered nosave memory: [mem 0x00000000-0x00000fff]
[    1.484463] PM: Registered nosave memory: [mem 0x000a0000-0x000fffff]
[    1.484464] PM: Registered nosave memory: [mem 0x30000000-0x30042fff]
[    1.484466] PM: Registered nosave memory: [mem 0x75db0000-0x75ffffff]
</pre><pre>
[    1.484467] PM: Registered nosave memory: [mem 0x7d204000-0x7d204fff]
[    1.484468] PM: Registered nosave memory: [mem 0x7d215000-0x7d215fff]
[    1.484470] PM: Registered nosave memory: [mem 0x804ca000-0x804cafff]
[    1.484471] PM: Registered nosave memory: [mem 0x80d34000-0x80d8bfff]
[    1.484472] PM: Registered nosave memory: [mem 0x85bc8000-0x87a6cfff]
[    1.484473] PM: Registered nosave memory: [mem 0x87a6d000-0x87b57fff]
[    1.484473] PM: Registered nosave memory: [mem 0x87b58000-0x87fd8fff]
[    1.484473] PM: Registered nosave memory: [mem 0x87fd9000-0x88f03fff]
[    1.484475] PM: Registered nosave memory: [mem 0x8c000000-0x8fffffff]
[    1.484475] PM: Registered nosave memory: [mem 0x90000000-0x93ffffff]
[    1.484475] PM: Registered nosave memory: [mem 0x94000000-0x95ffffff]
[    1.484476] PM: Registered nosave memory: [mem 0x96000000-0x9fffffff]
[    1.484476] PM: Registered nosave memory: [mem 0xa0000000-0xa1ffffff]
[    1.484476] PM: Registered nosave memory: [mem 0xa2000000-0xadffffff]
[    1.484477] PM: Registered nosave memory: [mem 0xae000000-0xaeffffff]
[    1.484477] PM: Registered nosave memory: [mem 0xaf000000-0xf23fffff]
[    1.484477] PM: Registered nosave memory: [mem 0xf2400000-0xf43fffff]
[    1.484478] PM: Registered nosave memory: [mem 0xf4400000-0xfcffffff]
[    1.484478] PM: Registered nosave memory: [mem 0xfd000000-0xffffffff]
[    1.484479] PM: Registered nosave memory: [mem 0x406f200000-0x406fffffff]
[    1.484481] [mem 0xaf000000-0xf23fffff] available for PCI devices
[    1.484482] Booting paravirtualized kernel on bare hardware
[    1.484485] clocksource: refined-jiffies: mask: 0xffffffff max_cycles: 0xffffffff, max_idle_ns: 7645519600211568 ns
[    1.484491] setup_percpu: NR_CPUS:8192 nr_cpumask_bits:256 nr_cpu_ids:256 nr_node_ids:2
[    1.497224] percpu: Embedded 54 pages/cpu s184320 r8192 d28672 u262144
[    1.497242] pcpu-alloc: s184320 r8192 d28672 u262144 alloc=1*2097152
[    1.497243] pcpu-alloc: [0] 000 001 002 003 004 005 006 007 
[    1.497245] pcpu-alloc: [0] 008 009 010 011 012 013 014 015 
[    1.497246] pcpu-alloc: [0] 016 017 018 019 020 021 022 023 
[    1.497248] pcpu-alloc: [0] 024 025 026 027 028 029 030 031 
[    1.497249] pcpu-alloc: [0] 064 066 068 070 072 074 076 078 
[    1.497250] pcpu-alloc: [0] 080 082 084 086 088 090 092 094 
[    1.497252] pcpu-alloc: [0] 096 098 100 102 104 106 108 110 
[    1.497253] pcpu-alloc: [0] 112 114 116 118 120 122 124 126 
[    1.497255] pcpu-alloc: [0] 128 130 132 134 136 138 140 142 
[    1.497256] pcpu-alloc: [0] 144 146 148 150 152 154 156 158 
[    1.497257] pcpu-alloc: [0] 160 162 164 166 168 170 172 174 
[    1.497259] pcpu-alloc: [0] 176 178 180 182 184 186 188 190 
[    1.497260] pcpu-alloc: [0] 192 194 196 198 200 202 204 206 
</pre><pre>
[    1.497262] pcpu-alloc: [0] 208 210 212 214 216 218 220 222 
[    1.497263] pcpu-alloc: [0] 224 226 228 230 232 234 236 238 
[    1.497264] pcpu-alloc: [0] 240 242 244 246 248 250 252 254 
[    1.497266] pcpu-alloc: [1] 032 033 034 035 036 037 038 039 
[    1.497267] pcpu-alloc: [1] 040 041 042 043 044 045 046 047 
[    1.497269] pcpu-alloc: [1] 048 049 050 051 052 053 054 055 
[    1.497270] pcpu-alloc: [1] 056 057 058 059 060 061 062 063 
[    1.497271] pcpu-alloc: [1] 065 067 069 071 073 075 077 079 
[    1.497273] pcpu-alloc: [1] 081 083 085 087 089 091 093 095 
[    1.497274] pcpu-alloc: [1] 097 099 101 103 105 107 109 111 
[    1.497276] pcpu-alloc: [1] 113 115 117 119 121 123 125 127 
[    1.497277] pcpu-alloc: [1] 129 131 133 135 137 139 141 143 
[    1.497278] pcpu-alloc: [1] 145 147 149 151 153 155 157 159 
[    1.497280] pcpu-alloc: [1] 161 163 165 167 169 171 173 175 
[    1.497281] pcpu-alloc: [1] 177 179 181 183 185 187 189 191 
[    1.497282] pcpu-alloc: [1] 193 195 197 199 201 203 205 207 
[    1.497284] pcpu-alloc: [1] 209 211 213 215 217 219 221 223 
[    1.497285] pcpu-alloc: [1] 225 227 229 231 233 235 237 239 
[    1.497287] pcpu-alloc: [1] 241 243 245 247 249 251 253 255 
[    1.497380] Built 2 zonelists, mobility grouping on.  Total pages: 132086736
[    1.497380] Policy zone: Normal
[    1.497382] Kernel command line: BOOT_IMAGE=/boot/vmlinuz-5.4.0-51-generic root=UUID=37eacb0c-8f20-44ae-ad3c-718b5314fa2e ro quiet splash vt.handoff=7
[    1.497499] printk: log_buf_len individual max cpu contribution: 4096 bytes
[    1.497500] printk: log_buf_len total cpu_extra contributions: 1044480 bytes
[    1.497500] printk: log_buf_len min size: 262144 bytes
[    1.497784] printk: log_buf_len: 2097152 bytes
[    1.497784] printk: early log buf free: 238524(90%)
[    1.499688] mem auto-init: stack:off, heap alloc:on, heap free:off
[    1.505148] Calgary: detecting Calgary via BIOS EBDA area
[    1.505150] Calgary: Unable to locate Rio Grande table in EBDA - bailing!
[    2.375511] Memory: 528021504K/536733504K available (14339K kernel code, 2398K rwdata, 4956K rodata, 2716K init, 4988K bss, 8712000K reserved, 0K cma-reserved)
[    2.375519] random: get_random_u64 called from kmem_cache_open+0x2d/0x410 with crng_init=0
[    2.376746] SLUB: HWalign=64, Order=0-3, MinObjects=0, CPUs=256, Nodes=2
[    2.376795] ftrace: allocating 44527 entries in 174 pages
[    2.391509] rcu: Hierarchical RCU implementation.
[    2.391510] rcu: 	RCU restricting CPUs from NR_CPUS=8192 to nr_cpu_ids=256.
</pre><pre>
[    2.391511] 	Tasks RCU enabled.
[    2.391511] rcu: RCU calculated value of scheduler-enlistment delay is 26 jiffies.
[    2.391512] rcu: Adjusting geometry for rcu_fanout_leaf=16, nr_cpu_ids=256
[    2.393935] NR_IRQS: 524544, nr_irqs: 6824, preallocated irqs: 16
[    2.394733] random: crng done (trusting CPU's manufacturer)
[    2.395016] vt handoff: transparent VT on vt#7
[    2.395021] Console: colour dummy device 80x25
[    2.395026] printk: console [tty0] enabled
[    2.395263] mempolicy: Enabling automatic NUMA balancing. Configure with numa_balancing= or the kernel.numa_balancing sysctl
[    2.395265] ACPI: Core revision 20190816
[    2.395684] clocksource: hpet: mask: 0xffffffff max_cycles: 0xffffffff, max_idle_ns: 133484873504 ns
[    2.395702] APIC: Switch to symmetric I/O mode setup
[    4.989635] ..TIMER: vector=0x30 apic1=0 pin1=2 apic2=-1 pin2=-1
[    5.007836] clocksource: tsc-early: mask: 0xffffffffffffffff max_cycles: 0x21df3332d60, max_idle_ns: 440795318367 ns
[    5.007840] Calibrating delay loop (skipped), value calculated using timer frequency.. 4699.72 BogoMIPS (lpj=9399444)
[    5.007841] pid_max: default: 262144 minimum: 2048
[    5.010623] LSM: Security Framework initializing
[    5.010659] Yama: becoming mindful.
[    5.011422] AppArmor: AppArmor initialized
[    5.024780] Dentry cache hash table entries: 16777216 (order: 15, 134217728 bytes, vmalloc)
[    5.031187] Inode-cache hash table entries: 8388608 (order: 14, 67108864 bytes, vmalloc)
[    5.031472] Mount-cache hash table entries: 262144 (order: 9, 2097152 bytes, vmalloc)
[    5.031672] Mountpoint-cache hash table entries: 262144 (order: 9, 2097152 bytes, vmalloc)
[    5.031749] *** VALIDATE tmpfs ***
[    5.032172] *** VALIDATE proc ***
[    5.032605] *** VALIDATE cgroup1 ***
[    5.032606] *** VALIDATE cgroup2 ***
[    5.032711] x86/cpu: User Mode Instruction Prevention (UMIP) activated
[    5.032828] LVT offset 2 assigned for vector 0xf4
[    5.032862] Last level iTLB entries: 4KB 1024, 2MB 1024, 4MB 512
[    5.032862] Last level dTLB entries: 4KB 2048, 2MB 2048, 4MB 1024, 1GB 0
[    5.032865] Spectre V1 : Mitigation: usercopy/swapgs barriers and __user pointer sanitization
[    5.032867] Spectre V2 : Mitigation: Full AMD retpoline
[    5.032867] Spectre V2 : Spectre v2 / SpectreRSB mitigation: Filling RSB on context switch
[    5.032868] Spectre V2 : Enabling Restricted Speculation for firmware calls
[    5.032869] Spectre V2 : mitigation: Enabling conditional Indirect Branch Prediction Barrier
[    5.032870] Speculative Store Bypass: Mitigation: Speculative Store Bypass disabled via prctl and seccomp
[    5.033141] Freeing SMP alternatives memory: 40K
[    5.143561] smpboot: CPU0: AMD EPYC 7452 32-Core Processor (family: 0x17, model: 0x31, stepping: 0x0)
[    5.143838] Performance Events: Fam17h+ core perfctr, AMD PMU driver.
[    5.143838] ... version:                0
[    5.143838] ... bit width:              48
[    5.143838] ... generic registers:      6
[    5.143838] ... value mask:             0000ffffffffffff
[    5.143838] ... max period:             00007fffffffffff
[    5.143838] ... fixed-purpose events:   0
</pre><pre>
[    5.143838] ... event mask:             000000000000003f
[    5.143838] rcu: Hierarchical SRCU implementation.
[    5.143838] NMI watchdog: Enabled. Permanently consumes one hw-PMU counter.
[    5.143838] smp: Bringing up secondary CPUs ...
[    5.143838] x86: Booting SMP configuration:
[    5.143838] .... node  #0, CPUs:          #1   #2   #3   #4   #5   #6   #7   #8   #9  #10  #11  #12  #13  #14  #15  #16  #17  #18  #19  #20  #21  #22  #23  #24  #25  #26  #27  #28  #29  #30  #31
[    5.220009] .... node  #1, CPUs:    #32
[    2.589284] smpboot: CPU 32 Converting physical 0 to logical die 1
[    5.268063]   #33  #34  #35  #36  #37  #38  #39  #40  #41  #42  #43  #44  #45  #46  #47  #48  #49  #50  #51  #52  #53  #54  #55  #56  #57  #58  #59  #60  #61  #62  #63
[    5.348427] smp: Brought up 2 nodes, 64 CPUs
[    5.348429] smpboot: Max logical packages: 8
[    5.348434] smpboot: Total of 64 processors activated (300468.54 BogoMIPS)
[    5.370417] devtmpfs: initialized
[    5.370417] x86/mm: Memory block size: 128MB
[    5.608550] PM: Registering ACPI NVS region [mem 0x30000000-0x30042fff] (274432 bytes)
[    5.608550] PM: Registering ACPI NVS region [mem 0x87b58000-0x87fd8fff] (4722688 bytes)
[    5.608550] clocksource: jiffies: mask: 0xffffffff max_cycles: 0xffffffff, max_idle_ns: 7645041785100000 ns
[    5.608550] futex hash table entries: 65536 (order: 10, 4194304 bytes, vmalloc)
[    5.609799] pinctrl core: initialized pinctrl subsystem
[    5.609935] PM: RTC time: 22:29:51, date: 2020-10-19
[    5.612282] NET: Registered protocol family 16
[    5.612366] audit: initializing netlink subsys (disabled)
[    5.612371] audit: type=2000 audit(1603146588.632:1): state=initialized audit_enabled=0 res=1
[    5.612371] EISA bus registered
[    5.612371] cpuidle: using governor ladder
[    5.612371] cpuidle: using governor menu
[    5.612371] Detected 1 PCC Subspaces
[    5.612371] Registering PCC driver as Mailbox controller
[    5.612371] ACPI: bus type PCI registered
[    5.612371] acpiphp: ACPI Hot Plug PCI Controller Driver version: 0.5
[    5.612371] PCI: MMCONFIG for domain 0000 [bus 00-ff] at [mem 0xe0000000-0xefffffff] (base 0xe0000000)
[    5.612371] PCI: not using MMCONFIG
</pre><pre>
[    5.612371] PCI: Using configuration type 1 for base access
[    5.612371] PCI: Using configuration type 1 for extended access
[    5.788138] HugeTLB registered 1.00 GiB page size, pre-allocated 0 pages
[    5.788138] HugeTLB registered 2.00 MiB page size, pre-allocated 0 pages
[    5.792317] ACPI: Added _OSI(Module Device)
[    5.792317] ACPI: Added _OSI(Processor Device)
[    5.792318] ACPI: Added _OSI(3.0 _SCP Extensions)
[    5.792318] ACPI: Added _OSI(Processor Aggregator Device)
[    5.792319] ACPI: Added _OSI(Linux-Dell-Video)
[    5.792320] ACPI: Added _OSI(Linux-Lenovo-NV-HDMI-Audio)
[    5.792320] ACPI: Added _OSI(Linux-HPI-Hybrid-Graphics)
[    5.812710] ACPI: 6 ACPI AML tables successfully acquired and loaded
[    5.820077] ACPI: Interpreter enabled
[    5.820087] ACPI: (supports S0 S5)
[    5.820088] ACPI: Using IOAPIC for interrupt routing
[    5.820456] PCI: MMCONFIG for domain 0000 [bus 00-ff] at [mem 0xe0000000-0xefffffff] (base 0xe0000000)
[    5.820497] PCI: MMCONFIG at [mem 0xe0000000-0xefffffff] reserved in ACPI motherboard resources
[    5.881146] HEST: Table parsing has been initialized.
[    5.881151] PCI: Using host bridge windows from ACPI; if necessary, use "pci=nocrs" and report a bug
[    5.882850] ACPI: Enabled 3 GPEs in block 00 to 1F
[    5.884512] ACPI: Power Resource [P0SA] (off)
[    5.884533] ACPI: Power Resource [P3SA] (off)
[    5.884941] ACPI: Power Resource [P0SA] (off)
[    5.884961] ACPI: Power Resource [P3SA] (off)
[    5.888853] ACPI: Power Resource [P0SA] (off)
[    5.888874] ACPI: Power Resource [P3SA] (off)
[    5.889276] ACPI: Power Resource [P0SA] (off)
[    5.889298] ACPI: Power Resource [P3SA] (off)
[    5.890563] ACPI: Power Resource [P0SA] (off)
[    5.890583] ACPI: Power Resource [P3SA] (off)
[    5.891010] ACPI: Power Resource [P0SA] (off)
[    5.891030] ACPI: Power Resource [P3SA] (off)
[    5.892370] ACPI: Power Resource [P0SA] (off)
[    5.892390] ACPI: Power Resource [P3SA] (off)
[    5.892785] ACPI: Power Resource [P0SA] (off)
[    5.892809] ACPI: Power Resource [P3SA] (off)
[    5.894072] ACPI: Power Resource [P0SA] (off)
[    5.894093] ACPI: Power Resource [P3SA] (off)
[    5.894496] ACPI: Power Resource [P0SA] (off)
[    5.894516] ACPI: Power Resource [P3SA] (off)
[    5.895814] ACPI: Power Resource [P0SA] (off)
[    5.895846] ACPI: Power Resource [P3SA] (off)
[    5.896272] ACPI: Power Resource [P0SA] (off)
[    5.896293] ACPI: Power Resource [P3SA] (off)
[    5.897759] ACPI: Power Resource [P0SA] (off)
[    5.897781] ACPI: Power Resource [P3SA] (off)
[    5.898192] ACPI: Power Resource [P0SA] (off)
</pre><pre>
[    5.898213] ACPI: Power Resource [P3SA] (off)
[    5.899581] ACPI: Power Resource [P0SA] (off)
[    5.899602] ACPI: Power Resource [P3SA] (off)
[    5.900012] ACPI: Power Resource [P0SA] (off)
[    5.900035] ACPI: Power Resource [P3SA] (off)
[    5.903998] ACPI: PCI Root Bridge [PCI0] (domain 0000 [bus 00-1f])
[    5.904003] acpi PNP0A08:00: _OSC: OS supports [ExtendedConfig ASPM ClockPM Segments MSI HPX-Type3]
[    5.904142] acpi PNP0A08:00: PCIe AER handled by firmware
[    5.904248] acpi PNP0A08:00: _OSC: platform does not support [SHPCHotplug LTR]
[    5.904446] acpi PNP0A08:00: _OSC: OS now controls [PCIeHotplug PME PCIeCapability]
[    5.904790] PCI host bridge to bus 0000:00
[    5.904791] pci_bus 0000:00: root bus resource [io  0x0000-0x02ff window]
[    5.904792] pci_bus 0000:00: root bus resource [io  0x0300-0x03af window]
[    5.904793] pci_bus 0000:00: root bus resource [io  0x03e0-0x0cf7 window]
[    5.904794] pci_bus 0000:00: root bus resource [io  0x1000-0x1fff window]
[    5.904795] pci_bus 0000:00: root bus resource [mem 0x000c0000-0x000dffff window]
[    5.904796] pci_bus 0000:00: root bus resource [mem 0xf9000000-0xfcffffff window]
[    5.904796] pci_bus 0000:00: root bus resource [mem 0x300b0200000-0x400b01fffff window]
[    5.904797] pci_bus 0000:00: root bus resource [bus 00-1f]
[    5.904806] pci 0000:00:00.0: [1022:1480] type 00 class 0x060000
[    5.904908] pci 0000:00:00.2: [1022:1481] type 00 class 0x080600
[    5.905032] pci 0000:00:01.0: [1022:1482] type 00 class 0x060000
[    5.905114] pci 0000:00:01.1: [1022:1483] type 01 class 0x060400
[    5.905193] pci 0000:00:01.1: PME# supported from D0 D3hot D3cold
[    5.905290] pci 0000:00:02.0: [1022:1482] type 00 class 0x060000
[    5.905382] pci 0000:00:03.0: [1022:1482] type 00 class 0x060000
[    5.905469] pci 0000:00:04.0: [1022:1482] type 00 class 0x060000
[    5.905554] pci 0000:00:05.0: [1022:1482] type 00 class 0x060000
[    5.905642] pci 0000:00:07.0: [1022:1482] type 00 class 0x060000
[    5.905734] pci 0000:00:07.1: [1022:1484] type 01 class 0x060400
[    5.905769] pci 0000:00:07.1: enabling Extended Tags
[    5.905814] pci 0000:00:07.1: PME# supported from D0 D3hot D3cold
[    5.905966] pci 0000:00:08.0: [1022:1482] type 00 class 0x060000
[    5.906048] pci 0000:00:08.1: [1022:1484] type 01 class 0x060400
[    5.906082] pci 0000:00:08.1: enabling Extended Tags
[    5.906126] pci 0000:00:08.1: PME# supported from D0 D3hot D3cold
[    5.906273] pci 0000:00:14.0: [1022:790b] type 00 class 0x0c0500
[    5.906413] pci 0000:00:14.3: [1022:790e] type 00 class 0x060100
[    5.906553] pci 0000:00:18.0: [1022:1490] type 00 class 0x060000
[    5.906614] pci 0000:00:18.1: [1022:1491] type 00 class 0x060000
[    5.906674] pci 0000:00:18.2: [1022:1492] type 00 class 0x060000
[    5.906740] pci 0000:00:18.3: [1022:1493] type 00 class 0x060000
[    5.906800] pci 0000:00:18.4: [1022:1494] type 00 class 0x060000
[    5.906862] pci 0000:00:18.5: [1022:1495] type 00 class 0x060000
[    5.906923] pci 0000:00:18.6: [1022:1496] type 00 class 0x060000
[    5.906987] pci 0000:00:18.7: [1022:1497] type 00 class 0x060000
[    5.907051] pci 0000:00:19.0: [1022:1490] type 00 class 0x060000
[    5.907117] pci 0000:00:19.1: [1022:1491] type 00 class 0x060000
[    5.907182] pci 0000:00:19.2: [1022:1492] type 00 class 0x060000
[    5.907248] pci 0000:00:19.3: [1022:1493] type 00 class 0x060000
[    5.907312] pci 0000:00:19.4: [1022:1494] type 00 class 0x060000
</pre><pre>
[    5.907378] pci 0000:00:19.5: [1022:1495] type 00 class 0x060000
[    5.907444] pci 0000:00:19.6: [1022:1496] type 00 class 0x060000
[    5.907513] pci 0000:00:19.7: [1022:1497] type 00 class 0x060000
[    5.907627] pci 0000:01:00.0: [10de:20f1] type 00 class 0x030200
[    5.907650] pci 0000:01:00.0: reg 0x10: [mem 0xfb000000-0xfbffffff]
[    5.907659] pci 0000:01:00.0: reg 0x14: [mem 0x3e000000000-0x3efffffffff 64bit pref]
[    5.907667] pci 0000:01:00.0: reg 0x1c: [mem 0x40020000000-0x40021ffffff 64bit pref]
[    5.907688] pci 0000:01:00.0: Enabling HDA controller
[    5.907742] pci 0000:01:00.0: PME# supported from D0 D3hot
[    5.907773] pci 0000:01:00.0: reg 0xbf0: [mem 0xfc000000-0xfc03ffff]
[    5.907774] pci 0000:01:00.0: VF(n) BAR0 space: [mem 0xfc000000-0xfc3fffff] (contains BAR0 for 16 VFs)
[    5.907781] pci 0000:01:00.0: reg 0xbf4: [mem 0x3f000000000-0x3f0ffffffff 64bit pref]
[    5.907782] pci 0000:01:00.0: VF(n) BAR1 space: [mem 0x3f000000000-0x3ffffffffff 64bit pref] (contains BAR1 for 16 VFs)
[    5.907789] pci 0000:01:00.0: reg 0xbfc: [mem 0x40000000000-0x40001ffffff 64bit pref]
[    5.907790] pci 0000:01:00.0: VF(n) BAR3 space: [mem 0x40000000000-0x4001fffffff 64bit pref] (contains BAR3 for 16 VFs)
[    5.907939] pci 0000:00:01.1: PCI bridge to [bus 01]
[    5.907944] pci 0000:00:01.1:   bridge window [mem 0xfb000000-0xfc3fffff]
[    5.907947] pci 0000:00:01.1:   bridge window [mem 0x3e000000000-0x40021ffffff 64bit pref]
[    5.907998] pci 0000:02:00.0: [1022:148a] type 00 class 0x130000
[    5.908036] pci 0000:02:00.0: enabling Extended Tags
[    5.908169] pci 0000:02:00.2: [1022:1498] type 00 class 0x108000
[    5.908189] pci 0000:02:00.2: reg 0x18: [mem 0xfc700000-0xfc77ffff]
[    5.908199] pci 0000:02:00.2: reg 0x24: [mem 0xfc780000-0xfc781fff]
[    5.908207] pci 0000:02:00.2: enabling Extended Tags
[    5.908358] pci 0000:00:07.1: PCI bridge to [bus 02]
[    5.908362] pci 0000:00:07.1:   bridge window [mem 0xfc700000-0xfc7fffff]
[    5.908427] pci 0000:03:00.0: [1022:1485] type 00 class 0x130000
[    5.908469] pci 0000:03:00.0: enabling Extended Tags
[    5.908609] pci 0000:03:00.2: [1022:1498] type 00 class 0x108000
[    5.908630] pci 0000:03:00.2: reg 0x18: [mem 0xfc600000-0xfc67ffff]
[    5.908642] pci 0000:03:00.2: reg 0x24: [mem 0xfc680000-0xfc681fff]
[    5.908650] pci 0000:03:00.2: enabling Extended Tags
[    5.908778] pci 0000:03:00.3: [1022:148c] type 00 class 0x0c0330
[    5.908797] pci 0000:03:00.3: reg 0x10: [mem 0xfc500000-0xfc5fffff 64bit]
[    5.908827] pci 0000:03:00.3: enabling Extended Tags
[    5.908873] pci 0000:03:00.3: PME# supported from D0 D3hot D3cold
[    5.908997] pci 0000:00:08.1: PCI bridge to [bus 03]
[    5.909001] pci 0000:00:08.1:   bridge window [mem 0xfc500000-0xfc6fffff]
</pre><pre>
[    5.909019] pci_bus 0000:00: on NUMA node 0
[    5.910286] ACPI: PCI Root Bridge [S0D2] (domain 0000 [bus 20-3f])
[    5.910289] acpi PNP0A08:01: _OSC: OS supports [ExtendedConfig ASPM ClockPM Segments MSI HPX-Type3]
[    5.910391] acpi PNP0A08:01: PCIe AER handled by firmware
[    5.910496] acpi PNP0A08:01: _OSC: platform does not support [SHPCHotplug LTR]
[    5.910692] acpi PNP0A08:01: _OSC: OS now controls [PCIeHotplug PME PCIeCapability]
[    5.910935] PCI host bridge to bus 0000:20
[    5.910936] pci_bus 0000:20: root bus resource [io  0x2000-0x3fff window]
[    5.910937] pci_bus 0000:20: root bus resource [mem 0xa2000000-0xa7ffffff window]
[    5.910938] pci_bus 0000:20: root bus resource [mem 0x20080200000-0x300801fffff window]
[    5.910938] pci_bus 0000:20: root bus resource [bus 20-3f]
[    5.910944] pci 0000:20:00.0: [1022:1480] type 00 class 0x060000
[    5.911026] pci 0000:20:00.2: [1022:1481] type 00 class 0x080600
[    5.911129] pci 0000:20:01.0: [1022:1482] type 00 class 0x060000
[    5.911199] pci 0000:20:01.1: [1022:1483] type 01 class 0x060400
[    5.911275] pci 0000:20:01.1: PME# supported from D0 D3hot D3cold
[    5.911354] pci 0000:20:02.0: [1022:1482] type 00 class 0x060000
[    5.911427] pci 0000:20:03.0: [1022:1482] type 00 class 0x060000
[    5.911497] pci 0000:20:03.1: [1022:1483] type 01 class 0x060400
[    5.911572] pci 0000:20:03.1: PME# supported from D0 D3hot D3cold
[    5.911651] pci 0000:20:04.0: [1022:1482] type 00 class 0x060000
[    5.911721] pci 0000:20:05.0: [1022:1482] type 00 class 0x060000
[    5.911794] pci 0000:20:07.0: [1022:1482] type 00 class 0x060000
[    5.911869] pci 0000:20:07.1: [1022:1484] type 01 class 0x060400
[    5.911900] pci 0000:20:07.1: enabling Extended Tags
[    5.911941] pci 0000:20:07.1: PME# supported from D0 D3hot D3cold
[    5.912061] pci 0000:20:08.0: [1022:1482] type 00 class 0x060000
[    5.912133] pci 0000:20:08.1: [1022:1484] type 01 class 0x060400
[    5.912165] pci 0000:20:08.1: enabling Extended Tags
[    5.912207] pci 0000:20:08.1: PME# supported from D0 D3hot D3cold
[    7.000787] ata13: SATA max UDMA/133 abar m2048@0x9f500000 port 0x9f500300 irq 136
[    7.000788] ata14: SATA max UDMA/133 abar m2048@0x9f500000 port 0x9f500380 irq 137
[    7.000790] ata15: SATA max UDMA/133 abar m2048@0x9f500000 port 0x9f500400 irq 138
[    7.000791] ata16: SATA max UDMA/133 abar m2048@0x9f500000 port 0x9f500480 irq 139
[    7.055672] igb 0000:62:00.0: added PHC on eth0
[    7.055674] igb 0000:62:00.0: Intel(R) Gigabit Ethernet Network Connection
[    7.055676] igb 0000:62:00.0: eth0: (PCIe:5.0Gb/s:Width x4) b4:2e:99:fd:4c:02
[    7.055748] igb 0000:62:00.0: eth0: PBA No: 130815-007
[    7.055749] igb 0000:62:00.0: Using MSI-X interrupts. 8 rx queue(s), 8 tx queue(s)
[    7.122427] igb 0000:62:00.1: added PHC on eth1
[    7.122429] igb 0000:62:00.1: Intel(R) Gigabit Ethernet Network Connection
[    7.122430] igb 0000:62:00.1: eth1: (PCIe:5.0Gb/s:Width x4) b4:2e:99:fd:4c:03
[    7.122503] igb 0000:62:00.1: eth1: PBA No: 130815-007
[    7.122504] igb 0000:62:00.1: Using MSI-X interrupts. 8 rx queue(s), 8 tx queue(s)
[    7.178892] igb 0000:62:00.0 enp98s0f0: renamed from eth0
[    7.222994] igb 0000:62:00.1 enp98s0f1: renamed from eth1
[    7.247854] tsc: Refined TSC clocksource calibration: 2349.999 MHz
[    7.247917] clocksource: tsc: mask: 0xffffffffffffffff max_cycles: 0x21dfb574500, max_idle_ns: 440795307124 ns
[    7.248023] clocksource: Switched to clocksource tsc
[    7.305963] ata8: SATA link down (SStatus 0 SControl 300)
[    7.305989] ata4: SATA link down (SStatus 0 SControl 300)
[    7.306014] ata2: SATA link down (SStatus 0 SControl 300)
[    7.306040] ata5: SATA link down (SStatus 0 SControl 300)
[    7.306068] ata6: SATA link down (SStatus 0 SControl 300)
[    7.306096] ata1: SATA link down (SStatus 0 SControl 300)
[    7.310035] ata7: SATA link down (SStatus 0 SControl 300)
[    7.314018] ata15: SATA link down (SStatus 0 SControl 300)
[    7.314061] ata16: SATA link down (SStatus 0 SControl 300)
[    7.314087] ata13: SATA link down (SStatus 0 SControl 300)
[    7.314114] ata14: SATA link down (SStatus 0 SControl 300)
[    7.314140] ata12: SATA link down (SStatus 0 SControl 300)
[    7.314177] ata11: SATA link down (SStatus 0 SControl 300)
[    7.314208] ata9: SATA link down (SStatus 0 SControl 300)
[    7.314291] ata10: SATA link down (SStatus 0 SControl 300)
[    7.467867] ata3: SATA link up 6.0 Gbps (SStatus 133 SControl 300)
[    7.468188] ata3.00: supports DRM functions and may not be fully accessible
[    7.469015] ata3.00: ATA-11: Samsung SSD 860 EVO 1TB, RVT01B6Q, max UDMA/133
[    7.469016] ata3.00: 1953525168 sectors, multi 1: LBA48 NCQ (depth 32), AA
[    7.471306] ata3.00: supports DRM functions and may not be fully accessible
[    7.474014] ata3.00: configured for UDMA/133
[    7.474491] scsi 2:0:0:0: Direct-Access     ATA      Samsung SSD 860  1B6Q PQ: 0 ANSI: 5
[    7.474674] sd 2:0:0:0: Attached scsi generic sg0 type 0
[    7.474746] ata3.00: Enabling discard_zeroes_data
[    7.474887] sd 2:0:0:0: [sda] 1953525168 512-byte logical blocks: (1.00 TB/932 GiB)
[    7.474903] sd 2:0:0:0: [sda] Write Protect is off
[    7.474906] sd 2:0:0:0: [sda] Mode Sense: 00 3a 00 00
[    7.474931] sd 2:0:0:0: [sda] Write cache: enabled, read cache: enabled, doesn't support DPO or FUA
[    7.508320] ata3.00: Enabling discard_zeroes_data
[    7.508892]  sda: sda1 sda2  sda5 
[    7.510622] ata3.00: Enabling discard_zeroes_data
[    7.512006] sd 2:0:0:0: [sda] supports TCG Opal
[    7.512008] sd 2:0:0:0: [sda] Attached SCSI removable disk
[    7.550302] fbcon: Taking over console
[    7.550387] Console: switching to colour frame buffer device 128x48
[    7.564811] EXT4-fs (sda5): mounted filesystem with ordered data mode. Opts: (null)
[    7.665642] systemd[1]: Inserted module 'autofs4'
[    7.731802] systemd[1]: systemd 245.4-4ubuntu3.2 running in system mode. (+PAM +AUDIT +SELINUX +IMA +APPARMOR +SMACK +SYSVINIT +UTMP +LIBCRYPTSETUP +GCRYPT +GNUTLS +ACL +XZ +LZ4 +SECCOMP +BLKID +ELFUTILS +KMOD +IDN2 -IDN +PCRE2 default-hierarchy=hybrid)
[    7.751890] systemd[1]: Detected architecture x86-64.
[    7.790516] systemd[1]: Set hostname to <fs5-r2>.
[    7.826660] systemd-fstab-generator[849]: Mount point ext4 is not a valid path, ignoring.
[    7.864663] systemd[1]: /lib/systemd/system/dbus.socket:5: ListenStream= references a path below legacy directory /var/run/, updating /var/run/dbus/system_bus_socket ‚Üí /run/dbus/system_bus_socket; please update the unit file accordingly.
[    7.889896] systemd[1]: /lib/systemd/system/nvidia-persistenced.service:7: PIDFile= references a path below legacy directory /var/run/, updating /var/run/nvidia-persistenced/nvidia-persistenced.pid ‚Üí /run/nvidia-persistenced/nvidia-persistenced.pid; please update the unit file accordingly.
[    7.911659] systemd[1]: Created slice system-modprobe.slice.
[    7.912074] systemd[1]: Created slice system-systemd\x2dfsck.slice.
[    7.912912] systemd[1]: Created slice User and Session Slice.
[    7.912953] systemd[1]: Started Forward Password Requests to Wall Directory Watch.
[    7.913208] systemd[1]: Set up automount Arbitrary Executable File Formats File System Automount Point.
[    7.913236] systemd[1]: Reached target User and Group Name Lookups.
[    7.913249] systemd[1]: Reached target Remote File Systems.
[    7.913256] systemd[1]: Reached target Slices.
[    7.913344] systemd[1]: Listening on Syslog Socket.
[    7.913390] systemd[1]: Listening on fsck to fsckd communication Socket.
[    7.913423] systemd[1]: Listening on initctl Compatibility Named Pipe.
[    7.913530] systemd[1]: Listening on Journal Audit Socket.
[    7.913577] systemd[1]: Listening on Journal Socket (/dev/log).
[    7.913629] systemd[1]: Listening on Journal Socket.
[    7.913688] systemd[1]: Listening on udev Control Socket.
[    7.913725] systemd[1]: Listening on udev Kernel Socket.
[    7.914690] systemd[1]: Mounting Huge Pages File System...
[    7.915738] systemd[1]: Mounting POSIX Message Queue File System...
[    7.916748] systemd[1]: Mounting Kernel Debug File System...
[    7.918313] systemd[1]: Mounting Kernel Trace File System...
[    7.920654] systemd[1]: Starting Journal Service...
[    7.921600] systemd[1]: Starting Set the console keyboard layout...
[    7.923155] systemd[1]: Starting Create list of static device nodes for the current kernel...
[    7.924178] systemd[1]: Starting Load Kernel Module drm...
[    7.924653] systemd[1]: Condition check resulted in Set Up Additional Binary Formats being skipped.
[    7.924675] systemd[1]: Condition check resulted in File System Check on Root Device being skipped.
[    7.925842] systemd[1]: Starting Load Kernel Modules...
[    7.927313] systemd[1]: Starting Remount Root and Kernel File Systems...
[    7.928596] systemd[1]: Starting udev Coldplug all Devices...
[    7.929640] systemd[1]: Starting Uncomplicated firewall...
[    7.931706] systemd[1]: Mounted Huge Pages File System.
[    7.932390] systemd[1]: Mounted POSIX Message Queue File System.
[    7.932720] systemd[1]: Mounted Kernel Debug File System.
[    7.933070] systemd[1]: Mounted Kernel Trace File System.
[    7.933410] systemd[1]: Finished Create list of static device nodes for the current kernel.
[    7.935615] systemd[1]: Finished Uncomplicated firewall.
[    7.939382] EXT4-fs (sda5): re-mounted. Opts: errors=remount-ro
[    7.940538] systemd[1]: Finished Remount Root and Kernel File Systems.
[    7.942072] systemd[1]: Activating swap /swapfile...
[    7.942481] systemd[1]: Condition check resulted in Rebuild Hardware Database being skipped.
[    7.942514] systemd[1]: Condition check resulted in Platform Persistent Storage Archival being skipped.
[    7.943405] systemd[1]: Starting Load/Save Random Seed...
[    7.944332] systemd[1]: Starting Create System Users...
[    7.944582] systemd[1]: modprobe@drm.service: Succeeded.
[    7.944924] systemd[1]: Finished Load Kernel Module drm.
[    7.945997] lp: driver loaded but no devices found
[    7.952726] ppdev: user-space parallel port driver
[    7.956121] systemd[1]: Finished Load/Save Random Seed.
[    7.958244] systemd[1]: Finished Load Kernel Modules.
[    7.958619] systemd[1]: Finished Create System Users.
[    7.959716] systemd[1]: Mounting FUSE Control File System...
[    7.961133] systemd[1]: Mounting Kernel Configuration File System...
[    7.962260] systemd[1]: Starting Apply Kernel Variables...
[    7.963674] systemd[1]: Starting Create Static Device Nodes in /dev...
[    7.964908] systemd[1]: Mounted FUSE Control File System.
[    7.965266] systemd[1]: Mounted Kernel Configuration File System.
[    7.975746] systemd[1]: Finished Set the console keyboard layout.
[    7.977136] systemd[1]: Finished Create Static Device Nodes in /dev.
[    7.977222] systemd[1]: Reached target Local File Systems (Pre).
[    7.979230] systemd[1]: Mounting Mount unit for core18, revision 1880...
[    7.980432] systemd[1]: Mounting Mount unit for core18, revision 1885...
[    7.981869] systemd[1]: Mounting Mount unit for gnome-3-34-1804, revision 36...
[    7.983548] systemd[1]: Mounting Mount unit for gnome-3-34-1804, revision 60...
[    7.984986] systemd[1]: Mounting Mount unit for gtk-common-themes, revision 1506...
[    7.986422] systemd[1]: Mounting Mount unit for snap-store, revision 467...
[    7.988170] systemd[1]: Mounting Mount unit for snap-store, revision 481...
[    7.989704] systemd[1]: Mounting Mount unit for snapd, revision 8542...
[    7.991078] systemd[1]: Mounting Mount unit for snapd, revision 9607...
[    7.993344] systemd[1]: Starting udev Kernel Device Manager...
[    7.994007] systemd[1]: Finished Apply Kernel Variables.
[    8.037931] systemd[1]: Started udev Kernel Device Manager.
[    8.083859] Adding 2097148k swap on /swapfile.  Priority:-2 extents:6 across:2260988k SSFS
[    8.084639] systemd[1]: Activated swap /swapfile.
[    8.084741] systemd[1]: Reached target Swap.
[    8.404751] systemd[1]: Mounted Mount unit for gnome-3-34-1804, revision 36.
[    8.418376] systemd[1]: Started Journal Service.
[    8.426401] systemd-journald[879]: Received client request to flush runtime journal.
[    8.794495] IPMI message handler: version 39.2
[    8.812886] ipmi device interface
[    8.826638] ipmi_si: IPMI System Interface driver
[    8.826926] ipmi_si dmi-ipmi-si.0: ipmi_platform: probing via SMBIOS
[    8.826927] ipmi_platform: ipmi_si: SMBIOS: io 0xca2 regsize 1 spacing 1 irq 0
[    8.826928] ipmi_si: Adding SMBIOS-specified kcs state machine
[    8.829287] ipmi_si IPI0001:00: ipmi_platform: probing via ACPI
[    8.829517] ipmi_si IPI0001:00: ipmi_platform: [io  0x0ca2] regsize 1 spacing 1 irq 0
[    8.829518] ipmi_si dmi-ipmi-si.0: Removing SMBIOS-specified kcs state machine in favor of ACPI
[    8.829519] ipmi_si: Adding ACPI-specified kcs state machine
[    8.830895] ipmi_si: Trying ACPI-specified kcs state machine at i/o address 0xca2, slave address 0x20, irq 0
[    9.062517] ccp 0000:24:00.1: enabling device (0000 -> 0002)
[    9.068250] ccp 0000:24:00.1: no command queues available
[    9.068251] ccp 0000:24:00.1: ccp initialization failed
[    9.069832] ccp 0000:24:00.1: psp enabled
[    9.070169] ccp 0000:a3:00.1: enabling device (0000 -> 0002)
[    9.073247] ccp 0000:a3:00.1: no command queues available
[    9.073249] ccp 0000:a3:00.1: ccp initialization failed
[    9.121059] checking generic (aa000000 300000) vs hw (aa000000 2000000)
[    9.121061] fb0: switching to astdrmfb from EFI VGA
[    9.122718] Console: switching to colour dummy device 80x25
[    9.124317] [drm] P2A bridge disabled, using default configuration
[    9.124318] [drm] AST 2500 detected
[    9.124325] [drm] Analog VGA only
[    9.124335] [drm] dram MCLK=800 Mhz type=1 bus_width=16 size=02000000
[    9.124849] [TTM] Zone  kernel: Available graphics memory: 264130712 KiB
[    9.124850] [TTM] Zone   dma32: Available graphics memory: 2097152 KiB
[    9.124851] [TTM] Initializing pool allocator
[    9.125020] [TTM] Initializing DMA pool allocator
[    9.132833] fbcon: astdrmfb (fb0) is primary device
[    9.133080] ccp 0000:24:00.1: SEV API:0.24 build:3
[    9.133397] Console: switching to colour frame buffer device 128x48
[    9.133410] ast 0000:65:00.0: fb0: astdrmfb frame buffer device
[    9.420831] nvidia: loading out-of-tree module taints kernel.
[    9.420840] nvidia: module license 'NVIDIA' taints kernel.
[    9.420841] Disabling lock debugging due to kernel taint
[    9.432471] nvidia: module verification failed: signature and/or required key missing - tainting kernel
[    9.442006] nvidia-nvlink: Nvlink Core is being initialized, major device number 236
[    9.443043] nvidia 0000:01:00.0: enabling device (0000 -> 0002)
[    9.489750] [drm] Initialized ast 0.1.0 20120228 for 0000:65:00.0 on minor 0
[    9.490321] nvidia 0000:21:00.0: enabling device (0000 -> 0002)
[    9.540184] nvidia 0000:22:00.0: enabling device (0000 -> 0002)
[    9.589777] nvidia 0000:41:00.0: enabling device (0000 -> 0002)
[    9.622431] ipmi_si IPI0001:00: IPMI message handler: Found new BMC (man_id: 0x003c0a, prod_id: 0x1031, dev_id: 0x20)
[    9.639434] nvidia 0000:81:00.0: enabling device (0000 -> 0002)
[    9.682953] nvidia 0000:a1:00.0: enabling device (0000 -> 0002)
[    9.729978] nvidia 0000:c1:00.0: enabling device (0000 -> 0002)
[    9.783864] nvidia 0000:c2:00.0: enabling device (0000 -> 0002)
[    9.832715] NVRM: loading NVIDIA UNIX x86_64 Kernel Module  455.23.05  Fri Sep 18 19:37:12 UTC 2020
[    9.853884] cryptd: max_cpu_qlen set to 1000
[    9.864661] AVX2 version of gcm_enc/dec engaged.
[    9.864662] AES CTR mode by8 optimization enabled
[    9.879561] nvidia-modeset: Loading NVIDIA Kernel Mode Setting Driver for UNIX platforms  455.23.05  Fri Sep 18 19:30:06 UTC 2020
[    9.888868] [drm] [nvidia-drm] [GPU ID 0x00000100] Loading driver
[    9.888871] [drm] Initialized nvidia-drm 0.0.0 20160202 for 0000:01:00.0 on minor 1
[    9.891281] [drm] [nvidia-drm] [GPU ID 0x00002100] Loading driver
[    9.891283] [drm] Initialized nvidia-drm 0.0.0 20160202 for 0000:21:00.0 on minor 2
[    9.893650] [drm] [nvidia-drm] [GPU ID 0x00002200] Loading driver
[    9.893651] [drm] Initialized nvidia-drm 0.0.0 20160202 for 0000:22:00.0 on minor 3
[    9.897017] [drm] [nvidia-drm] [GPU ID 0x00004100] Loading driver
[    9.897018] [drm] Initialized nvidia-drm 0.0.0 20160202 for 0000:41:00.0 on minor 4
[    9.899509] [drm] [nvidia-drm] [GPU ID 0x00008100] Loading driver
[    9.899510] [drm] Initialized nvidia-drm 0.0.0 20160202 for 0000:81:00.0 on minor 5
[    9.902216] [drm] [nvidia-drm] [GPU ID 0x0000a100] Loading driver
[    9.902217] [drm] Initialized nvidia-drm 0.0.0 20160202 for 0000:a1:00.0 on minor 6
[    9.917417] [drm] [nvidia-drm] [GPU ID 0x0000c100] Loading driver
[    9.917418] [drm] Initialized nvidia-drm 0.0.0 20160202 for 0000:c1:00.0 on minor 7
[    9.920943] [drm] [nvidia-drm] [GPU ID 0x0000c200] Loading driver
[    9.920944] [drm] Initialized nvidia-drm 0.0.0 20160202 for 0000:c2:00.0 on minor 8
[    9.954746] nvidia-uvm: Loaded the UVM driver, major device number 234.
[    9.957028] kvm: Nested Virtualization enabled
[    9.957163] kvm: Nested Paging enabled
[    9.957164] SVM: Virtual VMLOAD VMSAVE supported
[    9.957164] SVM: Virtual GIF supported
[    9.973911] MCE: In-kernel MCE decoding enabled.
[    9.979373] EDAC amd64: Node 0: DRAM ECC enabled.
[    9.979374] EDAC amd64: F17h_M30h detected (node 0).
[    9.979552] EDAC MC: UMC0 chip selects:
[    9.979553] EDAC amd64: MC: 0:     0MB 1:     0MB
[    9.979554] EDAC amd64: MC: 2: 16384MB 3: 16384MB
[    9.979557] EDAC MC: UMC1 chip selects:
[    9.979558] EDAC amd64: MC: 0:     0MB 1:     0MB
[    9.979558] EDAC amd64: MC: 2: 16384MB 3: 16384MB
[    9.979561] EDAC MC: UMC2 chip selects:
[    9.979562] EDAC amd64: MC: 0:     0MB 1:     0MB
[    9.979562] EDAC amd64: MC: 2: 16384MB 3: 16384MB
[    9.979565] EDAC MC: UMC3 chip selects:
[    9.979565] EDAC amd64: MC: 0:     0MB 1:     0MB
[    9.979566] EDAC amd64: MC: 2: 16384MB 3: 16384MB
[    9.979568] EDAC MC: UMC4 chip selects:
[    9.979569] EDAC amd64: MC: 0:     0MB 1:     0MB
[    9.979569] EDAC amd64: MC: 2: 16384MB 3: 16384MB
[    9.979572] EDAC MC: UMC5 chip selects:
[    9.979573] EDAC amd64: MC: 0:     0MB 1:     0MB
[    9.979573] EDAC amd64: MC: 2: 16384MB 3: 16384MB
[    9.979575] EDAC MC: UMC6 chip selects:
[    9.979576] EDAC amd64: MC: 0:     0MB 1:     0MB
[    9.979576] EDAC amd64: MC: 2: 16384MB 3: 16384MB
[    9.979579] EDAC MC: UMC7 chip selects:
[    9.979579] EDAC amd64: MC: 0:     0MB 1:     0MB
[    9.979580] EDAC amd64: MC: 2: 16384MB 3: 16384MB
[    9.979580] EDAC amd64: using x16 syndromes.
[    9.979580] EDAC amd64: MCT channel count: 8
[   10.011323] EDAC MC0: Giving out device to module amd64_edac controller F17h_M30h: DEV 0000:00:18.3 (INTERRUPT)
[   10.011350] EDAC amd64: Node 1: DRAM ECC enabled.
[   10.011351] EDAC amd64: F17h_M30h detected (node 1).
[   10.011553] EDAC MC: UMC0 chip selects:
[   10.011554] EDAC amd64: MC: 0:     0MB 1:     0MB
[   10.011555] EDAC amd64: MC: 2: 16384MB 3: 16384MB
[   10.011558] EDAC MC: UMC1 chip selects:
[   10.011559] EDAC amd64: MC: 0:     0MB 1:     0MB
[   10.011559] EDAC amd64: MC: 2: 16384MB 3: 16384MB
[   10.011562] EDAC MC: UMC2 chip selects:
[   10.011563] EDAC amd64: MC: 0:     0MB 1:     0MB
[   10.011563] EDAC amd64: MC: 2: 16384MB 3: 16384MB
[   10.011566] EDAC MC: UMC3 chip selects:
[   10.011567] EDAC amd64: MC: 0:     0MB 1:     0MB
[   10.011567] EDAC amd64: MC: 2: 16384MB 3: 16384MB
[   10.011570] EDAC MC: UMC4 chip selects:
[   10.011571] EDAC amd64: MC: 0:     0MB 1:     0MB
[   10.011571] EDAC amd64: MC: 2: 16384MB 3: 16384MB
[   10.011574] EDAC MC: UMC5 chip selects:
[   10.011575] EDAC amd64: MC: 0:     0MB 1:     0MB
        </pre>
        <p>$ / &gt;</p>
        <p class="soon">... soon. We need more time.</p>
        <p>United Arab Emirates</p>
        <p class="hong_kong">Hong Kong</p>
        <p>info@dna.tech</p>
        <svg class="icon shadow">
          <use
            xlink:href="sprite~icons.svg#Star_1"
            href="sprite~icons.svg#Star_1"
          ></use>
        </svg>
      </div>
    </div>
  </body>
</html>
